// Jest Snapshot v1, https://goo.gl/fbAQLP

exports[`should render ExpenseListItem with each expense 1`] = `
<div>
  <Link
    replace={false}
    to="/edit/2"
  >
    <p>
      Rent
    </p>
  </Link>
  <p>
    Created at: 
    December 27th, 1969
     
  </p>
  <p>
    Amount: 
    $1,095.00
  </p>
</div>
`;
